[2025-10-03T08:06:34.847+0000] {manager.py:486} INFO - Processing files using up to 2 processes at a time 
[2025-10-03T08:06:34.848+0000] {manager.py:487} INFO - Process each file at most once every 30 seconds
[2025-10-03T08:06:34.848+0000] {manager.py:488} INFO - Checking for new files in /opt/airflow/dags every 300 seconds
[2025-10-03T08:06:34.849+0000] {manager.py:832} INFO - Searching for files in /opt/airflow/dags
[2025-10-03T08:06:34.856+0000] {manager.py:835} INFO - There are 1 files in /opt/airflow/dags
[2025-10-03T08:06:35.167+0000] {manager.py:1008} INFO - 
================================================================================
DAG File Processing Stats

File Path                       PID  Runtime      # DAGs    # Errors  Last Runtime    Last Run      Last # of DB Queries
----------------------------  -----  ---------  --------  ----------  --------------  ----------  ----------------------
/opt/airflow/dags/elt_dag.py     42  0.03s             0           0                                                   0
================================================================================
[2025-10-03T08:07:05.413+0000] {manager.py:1008} INFO - 
================================================================================
DAG File Processing Stats

File Path                     PID    Runtime      # DAGs    # Errors  Last Runtime    Last Run               Last # of DB Queries
----------------------------  -----  ---------  --------  ----------  --------------  -------------------  ----------------------
/opt/airflow/dags/elt_dag.py                           1           0  0.51s           2025-10-03T08:06:35                      45
================================================================================
[2025-10-03T08:07:36.166+0000] {manager.py:1008} INFO - 
================================================================================
DAG File Processing Stats

File Path                       PID  Runtime      # DAGs    # Errors  Last Runtime    Last Run               Last # of DB Queries
----------------------------  -----  ---------  --------  ----------  --------------  -------------------  ----------------------
/opt/airflow/dags/elt_dag.py     44  0.00s             1           0  0.12s           2025-10-03T08:07:06                      12
================================================================================
[2025-10-03T08:08:06.438+0000] {manager.py:1008} INFO - 
================================================================================
DAG File Processing Stats

File Path                     PID    Runtime      # DAGs    # Errors  Last Runtime    Last Run               Last # of DB Queries
----------------------------  -----  ---------  --------  ----------  --------------  -------------------  ----------------------
/opt/airflow/dags/elt_dag.py                           1           0  0.28s           2025-10-03T08:07:36                      12
================================================================================
[2025-10-03T08:08:36.965+0000] {manager.py:1008} INFO - 
================================================================================
DAG File Processing Stats

File Path                       PID  Runtime      # DAGs    # Errors  Last Runtime    Last Run               Last # of DB Queries
----------------------------  -----  ---------  --------  ----------  --------------  -------------------  ----------------------
/opt/airflow/dags/elt_dag.py     46  0.00s             1           0  0.14s           2025-10-03T08:08:06                      12
================================================================================
[2025-10-03T08:09:07.211+0000] {manager.py:1008} INFO - 
================================================================================
DAG File Processing Stats

File Path                       PID  Runtime      # DAGs    # Errors  Last Runtime    Last Run               Last # of DB Queries
----------------------------  -----  ---------  --------  ----------  --------------  -------------------  ----------------------
/opt/airflow/dags/elt_dag.py     47  0.00s             1           0  0.11s           2025-10-03T08:08:37                      12
================================================================================
[2025-10-03T08:09:37.547+0000] {manager.py:1008} INFO - 
================================================================================
DAG File Processing Stats

File Path                       PID  Runtime      # DAGs    # Errors  Last Runtime    Last Run               Last # of DB Queries
----------------------------  -----  ---------  --------  ----------  --------------  -------------------  ----------------------
/opt/airflow/dags/elt_dag.py     48  0.00s             1           0  0.12s           2025-10-03T08:09:07                      12
================================================================================
[2025-10-03T08:10:07.829+0000] {manager.py:1008} INFO - 
================================================================================
DAG File Processing Stats

File Path                       PID  Runtime      # DAGs    # Errors  Last Runtime    Last Run               Last # of DB Queries
----------------------------  -----  ---------  --------  ----------  --------------  -------------------  ----------------------
/opt/airflow/dags/elt_dag.py     49  0.00s             1           0  0.11s           2025-10-03T08:09:37                      12
================================================================================
[2025-10-03T08:10:38.093+0000] {manager.py:1008} INFO - 
================================================================================
DAG File Processing Stats

File Path                     PID    Runtime      # DAGs    # Errors  Last Runtime    Last Run               Last # of DB Queries
----------------------------  -----  ---------  --------  ----------  --------------  -------------------  ----------------------
/opt/airflow/dags/elt_dag.py                           1           0  0.27s           2025-10-03T08:10:08                      12
================================================================================
[2025-10-03T08:11:08.541+0000] {manager.py:1008} INFO - 
================================================================================
DAG File Processing Stats

File Path                     PID    Runtime      # DAGs    # Errors  Last Runtime    Last Run               Last # of DB Queries
----------------------------  -----  ---------  --------  ----------  --------------  -------------------  ----------------------
/opt/airflow/dags/elt_dag.py                           1           0  0.25s           2025-10-03T08:10:38                      12
================================================================================
[2025-10-03T08:11:34.981+0000] {manager.py:832} INFO - Searching for files in /opt/airflow/dags
[2025-10-03T08:11:35.000+0000] {manager.py:835} INFO - There are 1 files in /opt/airflow/dags
[2025-10-03T08:11:39.068+0000] {manager.py:1008} INFO - 
================================================================================
DAG File Processing Stats

File Path                       PID  Runtime      # DAGs    # Errors  Last Runtime    Last Run               Last # of DB Queries
----------------------------  -----  ---------  --------  ----------  --------------  -------------------  ----------------------
/opt/airflow/dags/elt_dag.py     52  0.00s             1           0  0.16s           2025-10-03T08:11:08                      12
================================================================================
[2025-10-03T08:12:09.404+0000] {manager.py:1008} INFO - 
================================================================================
DAG File Processing Stats

File Path                       PID  Runtime      # DAGs    # Errors  Last Runtime    Last Run               Last # of DB Queries
----------------------------  -----  ---------  --------  ----------  --------------  -------------------  ----------------------
/opt/airflow/dags/elt_dag.py     53  0.00s             1           0  0.12s           2025-10-03T08:11:39                      12
================================================================================
[2025-10-03T08:12:39.674+0000] {manager.py:1008} INFO - 
================================================================================
DAG File Processing Stats

File Path                       PID  Runtime      # DAGs    # Errors  Last Runtime    Last Run               Last # of DB Queries
----------------------------  -----  ---------  --------  ----------  --------------  -------------------  ----------------------
/opt/airflow/dags/elt_dag.py     54  0.00s             1           0  0.12s           2025-10-03T08:12:09                      12
================================================================================
[2025-10-03T08:13:09.934+0000] {manager.py:1008} INFO - 
================================================================================
DAG File Processing Stats

File Path                       PID  Runtime      # DAGs    # Errors  Last Runtime    Last Run               Last # of DB Queries
----------------------------  -----  ---------  --------  ----------  --------------  -------------------  ----------------------
/opt/airflow/dags/elt_dag.py     55  0.00s             1           0  0.24s           2025-10-03T08:12:39                      12
================================================================================
[2025-10-03T08:13:40.367+0000] {manager.py:1008} INFO - 
================================================================================
DAG File Processing Stats

File Path                       PID  Runtime      # DAGs    # Errors  Last Runtime    Last Run               Last # of DB Queries
----------------------------  -----  ---------  --------  ----------  --------------  -------------------  ----------------------
/opt/airflow/dags/elt_dag.py     56  0.00s             1           0  0.23s           2025-10-03T08:13:10                      12
================================================================================
[2025-10-03T08:14:10.626+0000] {manager.py:1008} INFO - 
================================================================================
DAG File Processing Stats

File Path                       PID  Runtime      # DAGs    # Errors  Last Runtime    Last Run               Last # of DB Queries
----------------------------  -----  ---------  --------  ----------  --------------  -------------------  ----------------------
/opt/airflow/dags/elt_dag.py     57  0.00s             1           0  0.12s           2025-10-03T08:13:40                      12
================================================================================
[2025-10-03T08:14:40.964+0000] {manager.py:1008} INFO - 
================================================================================
DAG File Processing Stats

File Path                       PID  Runtime      # DAGs    # Errors  Last Runtime    Last Run               Last # of DB Queries
----------------------------  -----  ---------  --------  ----------  --------------  -------------------  ----------------------
/opt/airflow/dags/elt_dag.py     58  0.00s             1           0  0.10s           2025-10-03T08:14:10                      12
================================================================================
[2025-10-03T08:15:11.211+0000] {manager.py:1008} INFO - 
================================================================================
DAG File Processing Stats

File Path                       PID  Runtime      # DAGs    # Errors  Last Runtime    Last Run               Last # of DB Queries
----------------------------  -----  ---------  --------  ----------  --------------  -------------------  ----------------------
/opt/airflow/dags/elt_dag.py     59  0.00s             1           0  0.11s           2025-10-03T08:14:41                      12
================================================================================
[2025-10-03T08:15:41.536+0000] {manager.py:1008} INFO - 
================================================================================
DAG File Processing Stats

File Path                       PID  Runtime      # DAGs    # Errors  Last Runtime    Last Run               Last # of DB Queries
----------------------------  -----  ---------  --------  ----------  --------------  -------------------  ----------------------
/opt/airflow/dags/elt_dag.py     60  0.00s             1           0  0.24s           2025-10-03T08:15:11                      12
================================================================================
[2025-10-03T08:16:11.891+0000] {manager.py:1008} INFO - 
================================================================================
DAG File Processing Stats

File Path                       PID  Runtime      # DAGs    # Errors  Last Runtime    Last Run               Last # of DB Queries
----------------------------  -----  ---------  --------  ----------  --------------  -------------------  ----------------------
/opt/airflow/dags/elt_dag.py     61  0.00s             1           0  0.23s           2025-10-03T08:15:41                      12
================================================================================
[2025-10-03T08:16:35.230+0000] {manager.py:832} INFO - Searching for files in /opt/airflow/dags
[2025-10-03T08:16:35.260+0000] {manager.py:835} INFO - There are 1 files in /opt/airflow/dags
[2025-10-03T08:16:42.376+0000] {manager.py:1008} INFO - 
================================================================================
DAG File Processing Stats

File Path                       PID  Runtime      # DAGs    # Errors  Last Runtime    Last Run               Last # of DB Queries
----------------------------  -----  ---------  --------  ----------  --------------  -------------------  ----------------------
/opt/airflow/dags/elt_dag.py     62  0.00s             1           0  0.11s           2025-10-03T08:16:12                      12
================================================================================
[2025-10-03T08:17:12.653+0000] {manager.py:1008} INFO - 
================================================================================
DAG File Processing Stats

File Path                       PID  Runtime      # DAGs    # Errors  Last Runtime    Last Run               Last # of DB Queries
----------------------------  -----  ---------  --------  ----------  --------------  -------------------  ----------------------
/opt/airflow/dags/elt_dag.py     63  0.00s             1           0  0.11s           2025-10-03T08:16:42                      12
================================================================================
[2025-10-03T08:17:42.982+0000] {manager.py:1008} INFO - 
================================================================================
DAG File Processing Stats

File Path                       PID  Runtime      # DAGs    # Errors  Last Runtime    Last Run               Last # of DB Queries
----------------------------  -----  ---------  --------  ----------  --------------  -------------------  ----------------------
/opt/airflow/dags/elt_dag.py     64  0.00s             1           0  0.13s           2025-10-03T08:17:12                      12
================================================================================
[2025-10-03T08:18:13.216+0000] {manager.py:1008} INFO - 
================================================================================
DAG File Processing Stats

File Path                     PID    Runtime      # DAGs    # Errors  Last Runtime    Last Run               Last # of DB Queries
----------------------------  -----  ---------  --------  ----------  --------------  -------------------  ----------------------
/opt/airflow/dags/elt_dag.py                           1           0  0.24s           2025-10-03T08:17:43                      12
================================================================================
[2025-10-03T08:18:43.632+0000] {manager.py:1008} INFO - 
================================================================================
DAG File Processing Stats

File Path                     PID    Runtime      # DAGs    # Errors  Last Runtime    Last Run               Last # of DB Queries
----------------------------  -----  ---------  --------  ----------  --------------  -------------------  ----------------------
/opt/airflow/dags/elt_dag.py                           1           0  0.23s           2025-10-03T08:18:13                      12
================================================================================
[2025-10-03T08:18:48.826+0000] {manager.py:468} INFO - Exiting gracefully upon receiving signal 15
